// Jest Snapshot v1, https://goo.gl/fbAQLP

exports[`Login Component snapshot test 1`] = `
Object {
  "asFragment": [Function],
  "baseElement": <body>
    <div>
      <div
        class="align"
      >
        <div
          class="grid alignItem"
        >
          <div
            class="register"
          >
            <svg
              class="siteLogo"
              height="84"
              viewBox="77.7 214.9 274.7 412"
              width="56"
              xmlns="http://www.w3.org/2000/svg"
            >
              <defs>
                <lineargradient
                  id="a"
                  x1="0%"
                  y1="0%"
                  y2="0%"
                >
                  <stop
                    offset="0%"
                    stop-color="#8ceabb"
                  />
                  <stop
                    offset="100%"
                    stop-color="#378f7b"
                  />
                </lineargradient>
              </defs>
              <path
                d="M215 214.9c-83.6 123.5-137.3 200.8-137.3 275.9 0 75.2 61.4 136.1 137.3 136.1s137.3-60.9 137.3-136.1c0-75.1-53.7-152.4-137.3-275.9z"
                fill="url(#a)"
              />
            </svg>
            <h2>
              Sign Up
            </h2>
            <form
              action=""
              class="authForm"
              method="post"
            >
              <div
                class="formField"
              >
                <input
                  name="name"
                  placeholder="John Doe"
                  type="text"
                  value=""
                />
              </div>
              <div
                class="formField"
              >
                <input
                  name="email"
                  placeholder="info@mailaddress.com"
                  type="email"
                  value=""
                />
              </div>
              <div
                class="formField"
              >
                <input
                  name="password"
                  placeholder="••••••••••••"
                  type="password"
                  value=""
                />
              </div>
              <div
                class="formField"
              >
                <input
                  class="cursorPointer"
                  type="submit"
                  value="Register"
                />
              </div>
            </form>
            <p>
              Already have an account? 
              <a
                href="/login"
              >
                Login
              </a>
            </p>
          </div>
        </div>
      </div>
    </div>
  </body>,
  "container": <div>
    <div
      class="align"
    >
      <div
        class="grid alignItem"
      >
        <div
          class="register"
        >
          <svg
            class="siteLogo"
            height="84"
            viewBox="77.7 214.9 274.7 412"
            width="56"
            xmlns="http://www.w3.org/2000/svg"
          >
            <defs>
              <lineargradient
                id="a"
                x1="0%"
                y1="0%"
                y2="0%"
              >
                <stop
                  offset="0%"
                  stop-color="#8ceabb"
                />
                <stop
                  offset="100%"
                  stop-color="#378f7b"
                />
              </lineargradient>
            </defs>
            <path
              d="M215 214.9c-83.6 123.5-137.3 200.8-137.3 275.9 0 75.2 61.4 136.1 137.3 136.1s137.3-60.9 137.3-136.1c0-75.1-53.7-152.4-137.3-275.9z"
              fill="url(#a)"
            />
          </svg>
          <h2>
            Sign Up
          </h2>
          <form
            action=""
            class="authForm"
            method="post"
          >
            <div
              class="formField"
            >
              <input
                name="name"
                placeholder="John Doe"
                type="text"
                value=""
              />
            </div>
            <div
              class="formField"
            >
              <input
                name="email"
                placeholder="info@mailaddress.com"
                type="email"
                value=""
              />
            </div>
            <div
              class="formField"
            >
              <input
                name="password"
                placeholder="••••••••••••"
                type="password"
                value=""
              />
            </div>
            <div
              class="formField"
            >
              <input
                class="cursorPointer"
                type="submit"
                value="Register"
              />
            </div>
          </form>
          <p>
            Already have an account? 
            <a
              href="/login"
            >
              Login
            </a>
          </p>
        </div>
      </div>
    </div>
  </div>,
  "debug": [Function],
  "findAllByAltText": [Function],
  "findAllByDisplayValue": [Function],
  "findAllByLabelText": [Function],
  "findAllByPlaceholderText": [Function],
  "findAllByRole": [Function],
  "findAllByTestId": [Function],
  "findAllByText": [Function],
  "findAllByTitle": [Function],
  "findByAltText": [Function],
  "findByDisplayValue": [Function],
  "findByLabelText": [Function],
  "findByPlaceholderText": [Function],
  "findByRole": [Function],
  "findByTestId": [Function],
  "findByText": [Function],
  "findByTitle": [Function],
  "getAllByAltText": [Function],
  "getAllByDisplayValue": [Function],
  "getAllByLabelText": [Function],
  "getAllByPlaceholderText": [Function],
  "getAllByRole": [Function],
  "getAllByTestId": [Function],
  "getAllByText": [Function],
  "getAllByTitle": [Function],
  "getByAltText": [Function],
  "getByDisplayValue": [Function],
  "getByLabelText": [Function],
  "getByPlaceholderText": [Function],
  "getByRole": [Function],
  "getByTestId": [Function],
  "getByText": [Function],
  "getByTitle": [Function],
  "queryAllByAltText": [Function],
  "queryAllByDisplayValue": [Function],
  "queryAllByLabelText": [Function],
  "queryAllByPlaceholderText": [Function],
  "queryAllByRole": [Function],
  "queryAllByTestId": [Function],
  "queryAllByText": [Function],
  "queryAllByTitle": [Function],
  "queryByAltText": [Function],
  "queryByDisplayValue": [Function],
  "queryByLabelText": [Function],
  "queryByPlaceholderText": [Function],
  "queryByRole": [Function],
  "queryByTestId": [Function],
  "queryByText": [Function],
  "queryByTitle": [Function],
  "rerender": [Function],
  "unmount": [Function],
}
`;
